2024-03-07 19:54:38 - Error: Message integrity check failed
Expected Message Key: b'\xb8\xca\xe1\x9elM\xf6n\xc9~\x8c(9\xa7j\xbcVj\xbd\x9c5\xea\xf5A\xdcSw\xf8T\x98\xea\xce'
Received Message Key: b'\xb0\xb6\xbf\xd5\xc8\xcf\xb7\xb1~/4\xfd\xce\xc70\xf7>\xea\xe9(8\xe6q\x15\x8eK\xd2\xe9^]\t\x8f'

Reason: Key or Hash mismatch

2024-03-07 19:56:06 - Error: Message integrity check failed
Expected Message Key: b'm\xd5\xe2\x0f]\x15"\xead\xb5\x84zP">\xbb\x13\xdf\xbf\xf7P\xfd\x95vG=\xa3\xeaL\xaa\x92C'
Received Message Key: b'+\\\xc1|\xdc;l\xed\x98W\x9d\xe4\xc1o\x87P\x91\x83z\xd5\xed\xcd\xa0\x8eWs\xe9f\x8e\xb8\xe2+'

Reason: Key or Hash mismatch

2024-03-07 19:58:25 - Error: Message integrity check failed
Expected Message Key: b'\x80\xfb\x1e\xce\xc8\xf2t\xa8W<\x14\x82^\x8e\xda\r\xe9\xa1\x94\x02\xba\xc9\xd9\xc1tQ#\xb9\xe6.:\xda'
Received Message Key: b'\xb8s\xefA-\x15\xea{\x16\xc8LQ\x0c\xd8\x1f\xbc\xe5\x0c,\xe9\x85\xa9\x17\xf6D=\x9a\x84Fm\x85l'

Reason: Key or Hash mismatch

2024-03-07 19:59:49 - Error: Message integrity check failed
Expected Message Key: b'\xcf\xb0m\xf1~}Pv\xbb\xc5>&\xcdH\x1e^\x81Q/\xe4\xbc\xce35:\x1e\x8bz\x97o\xb4\x89'
Received Message Key: b'\xdc \xe0\xa3\x18\xcf\xeaO\xeav\x8f}$\xa6\xa5 \xc9V\xffh,\x13%W/\xedmS\xdf\x93!O'

Reason: Key or Hash mismatch

2024-03-07 20:03:53 - Error: Message integrity check failed
Expected Message Key: b"k\x97\x80yJNO\xa6v4k\x04\x11O\x8b\xb1\xa8\x0b=\xed\x03\xc6\x83'\xbaD\xf6\xdau\xab\xd2\x86"
Received Message Key: b'c\xa6\xd0\xb3\xa6<\xf2\xc9\x1d\x92\xfe$\xcf\x02\xb1qP-\xff\xb2\xdb;\xe6\x86\x8e\x19TB&\xf1\x96\x9e'

Reason: Key or Hash mismatch

2024-03-07 20:19:49 - Error: Message integrity check failed
Expected Message Key: b'\xa0t\x8bG\x8c[\xc3L]0W\xa0\x82A\x87\x00\x80\x04q7\x81=hvEw_\xcaW\xe0o\xa4'
Received Message Key: b'-\x9b\x9b\x04\xa1ny\xfb\xe1I\xde\xe2b\xe7\xca:$\xc9\x9f\x10\xfc3\xc9\xa5Y}\r<13\xd4s'

Reason: Key or Hash mismatch

2024-03-07 20:26:10 - Error: Message integrity check failed
Expected Message Key: b'\xd7O\xbb\xffY\r/\x1f\xc3\x8e\x08\x17\xd4\xfe\xd9\xb4O\x00\x04V\x15\xd7\xe3\xb6\x17\xb6.s\xbc\xa2\xb6 '
Received Message Key: b'\x94GY\xc6q\xd8G\x1ex\x18\x07\xf8\xa5\xbe`\xfd\xa73\xa1O\x0bqN\xc2\x15\xe7\xad\xacs"\xc5\xdc'

Reason: Key or Hash mismatch

